// Jest Snapshot v1, https://goo.gl/fbAQLP

exports[`InputButton Props tests renders default InputButton 1`] = `
<ThemeContextProvider>
  <Component
    label="Supprimer"
  >
    <InputButton
      label="Supprimer"
      setTheme={[Function]}
      theme={
        Object {
          "backgroundColor": "#ffffff",
          "color": "#101112",
          "colors": Object {
            "components": Object {
              "background": "#FFFFFF",
              "backgroundAction": "#F3F2F2",
              "backgroundContainer": "#FFFFFF",
              "backgroundFilter": "#F3F2F2",
              "backgroundInputButton": "#5100FF",
              "backgroundPrimaryAction": "#5100FF",
              "icon": "#000000",
            },
            "palette": Object {
              "black": "#000000",
              "comparisonDescription": "#A3A2A2",
              "error": "#F34949",
              "line": "#D4D8D9",
              "lost": "#CA1010",
              "pending": "#7C7C7C",
              "purple": "#5100FF",
              "separator": "#979797",
              "white": "#FFFFFF",
              "won": "#14B916",
            },
            "shadows": Object {},
            "texts": Object {
              "buttons": Object {
                "actions": "#5100FF",
                "cancellable": "#3E3E3E",
                "filter": "#3E3E3E",
                "isPrimaryAction": "#FFFFFF",
                "social": Object {
                  "apple": "#000000",
                  "facebook": "#1976D2",
                  "gmail": "#F44336",
                },
              },
              "description": "#ADADAD",
              "filters": Object {
                "multiFilter": "#5100FF",
                "selected": "#000000",
                "unselected": "#A3A2A2",
              },
              "input": Object {
                "label": "#7C7C7C",
                "value": "#000000",
              },
              "labelInput": "#7C7C7C",
              "reverseText": "#FFFFFF",
              "stats": Object {
                "kpiValue": "#3E3E3E",
              },
              "text": "#000000",
              "title": "#000000",
            },
          },
          "isShadow": true,
          "key": "white",
          "statusBar": "dark-content",
        }
      }
      themes={
        Array [
          Object {
            "backgroundColor": "#101112",
            "color": "#ffffff",
            "colors": Object {
              "components": Object {
                "background": "#101112",
                "backgroundAction": "#F3F2F2",
                "backgroundContainer": "#2F3134",
                "backgroundFilter": "#F3F2F2",
                "backgroundInputButton": "#5100FF",
                "backgroundPrimaryAction": "#5100FF",
                "icon": "#FFFFFF",
              },
              "palette": Object {
                "black": "#000000",
                "comparisonDescription": "#A3A2A2",
                "error": "#F34949",
                "line": "#D4D8D9",
                "lost": "#CA1010",
                "pending": "#7C7C7C",
                "purple": "#5100FF",
                "separator": "#979797",
                "white": "#FFFFFF",
                "won": "#14B916",
              },
              "texts": Object {
                "buttons": Object {
                  "actions": "#5100FF",
                  "cancellable": "#3E3E3E",
                  "filter": "#3E3E3E",
                  "isPrimaryAction": "#FFFFFF",
                  "social": Object {
                    "apple": "#000000",
                    "facebook": "#1976D2",
                    "gmail": "#F44336",
                  },
                },
                "description": "#ADADAD",
                "filters": Object {
                  "multiFilter": "#5100FF",
                  "selected": "#000000",
                  "unselected": "#A3A2A2",
                },
                "input": Object {
                  "label": "#7C7C7C",
                  "value": "#FFFFFF",
                },
                "reverseText": "#FFFFFF",
                "stats": Object {
                  "kpiValue": "#FFFFFF",
                },
                "text": "#FFFFFF",
                "title": "#FFFFFF",
              },
            },
            "isShadow": false,
            "key": "dark",
            "statusBar": "light-content",
          },
          Object {
            "backgroundColor": "#ffffff",
            "color": "#101112",
            "colors": Object {
              "components": Object {
                "background": "#FFFFFF",
                "backgroundAction": "#F3F2F2",
                "backgroundContainer": "#FFFFFF",
                "backgroundFilter": "#F3F2F2",
                "backgroundInputButton": "#5100FF",
                "backgroundPrimaryAction": "#5100FF",
                "icon": "#000000",
              },
              "palette": Object {
                "black": "#000000",
                "comparisonDescription": "#A3A2A2",
                "error": "#F34949",
                "line": "#D4D8D9",
                "lost": "#CA1010",
                "pending": "#7C7C7C",
                "purple": "#5100FF",
                "separator": "#979797",
                "white": "#FFFFFF",
                "won": "#14B916",
              },
              "shadows": Object {},
              "texts": Object {
                "buttons": Object {
                  "actions": "#5100FF",
                  "cancellable": "#3E3E3E",
                  "filter": "#3E3E3E",
                  "isPrimaryAction": "#FFFFFF",
                  "social": Object {
                    "apple": "#000000",
                    "facebook": "#1976D2",
                    "gmail": "#F44336",
                  },
                },
                "description": "#ADADAD",
                "filters": Object {
                  "multiFilter": "#5100FF",
                  "selected": "#000000",
                  "unselected": "#A3A2A2",
                },
                "input": Object {
                  "label": "#7C7C7C",
                  "value": "#000000",
                },
                "labelInput": "#7C7C7C",
                "reverseText": "#FFFFFF",
                "stats": Object {
                  "kpiValue": "#3E3E3E",
                },
                "text": "#000000",
                "title": "#000000",
              },
            },
            "isShadow": true,
            "key": "white",
            "statusBar": "dark-content",
          },
        ]
      }
    >
      <Styled(Component)
        backgroundColor="#5100FF"
        disabled={true}
        setTheme={[Function]}
        themes={
          Array [
            Object {
              "backgroundColor": "#101112",
              "color": "#ffffff",
              "colors": Object {
                "components": Object {
                  "background": "#101112",
                  "backgroundAction": "#F3F2F2",
                  "backgroundContainer": "#2F3134",
                  "backgroundFilter": "#F3F2F2",
                  "backgroundInputButton": "#5100FF",
                  "backgroundPrimaryAction": "#5100FF",
                  "icon": "#FFFFFF",
                },
                "palette": Object {
                  "black": "#000000",
                  "comparisonDescription": "#A3A2A2",
                  "error": "#F34949",
                  "line": "#D4D8D9",
                  "lost": "#CA1010",
                  "pending": "#7C7C7C",
                  "purple": "#5100FF",
                  "separator": "#979797",
                  "white": "#FFFFFF",
                  "won": "#14B916",
                },
                "texts": Object {
                  "buttons": Object {
                    "actions": "#5100FF",
                    "cancellable": "#3E3E3E",
                    "filter": "#3E3E3E",
                    "isPrimaryAction": "#FFFFFF",
                    "social": Object {
                      "apple": "#000000",
                      "facebook": "#1976D2",
                      "gmail": "#F44336",
                    },
                  },
                  "description": "#ADADAD",
                  "filters": Object {
                    "multiFilter": "#5100FF",
                    "selected": "#000000",
                    "unselected": "#A3A2A2",
                  },
                  "input": Object {
                    "label": "#7C7C7C",
                    "value": "#FFFFFF",
                  },
                  "reverseText": "#FFFFFF",
                  "stats": Object {
                    "kpiValue": "#FFFFFF",
                  },
                  "text": "#FFFFFF",
                  "title": "#FFFFFF",
                },
              },
              "isShadow": false,
              "key": "dark",
              "statusBar": "light-content",
            },
            Object {
              "backgroundColor": "#ffffff",
              "color": "#101112",
              "colors": Object {
                "components": Object {
                  "background": "#FFFFFF",
                  "backgroundAction": "#F3F2F2",
                  "backgroundContainer": "#FFFFFF",
                  "backgroundFilter": "#F3F2F2",
                  "backgroundInputButton": "#5100FF",
                  "backgroundPrimaryAction": "#5100FF",
                  "icon": "#000000",
                },
                "palette": Object {
                  "black": "#000000",
                  "comparisonDescription": "#A3A2A2",
                  "error": "#F34949",
                  "line": "#D4D8D9",
                  "lost": "#CA1010",
                  "pending": "#7C7C7C",
                  "purple": "#5100FF",
                  "separator": "#979797",
                  "white": "#FFFFFF",
                  "won": "#14B916",
                },
                "shadows": Object {},
                "texts": Object {
                  "buttons": Object {
                    "actions": "#5100FF",
                    "cancellable": "#3E3E3E",
                    "filter": "#3E3E3E",
                    "isPrimaryAction": "#FFFFFF",
                    "social": Object {
                      "apple": "#000000",
                      "facebook": "#1976D2",
                      "gmail": "#F44336",
                    },
                  },
                  "description": "#ADADAD",
                  "filters": Object {
                    "multiFilter": "#5100FF",
                    "selected": "#000000",
                    "unselected": "#A3A2A2",
                  },
                  "input": Object {
                    "label": "#7C7C7C",
                    "value": "#000000",
                  },
                  "labelInput": "#7C7C7C",
                  "reverseText": "#FFFFFF",
                  "stats": Object {
                    "kpiValue": "#3E3E3E",
                  },
                  "text": "#000000",
                  "title": "#000000",
                },
              },
              "isShadow": true,
              "key": "white",
              "statusBar": "dark-content",
            },
          ]
        }
      >
        <StyledNativeComponent
          backgroundColor="#5100FF"
          disabled={true}
          forwardedComponent={
            Object {
              "$$typeof": Symbol(react.forward_ref),
              "attrs": Array [],
              "displayName": "Styled(Component)",
              "inlineStyle": InlineStyle {
                "rules": Array [
                  "
  background-color: ",
                  [Function],
                  ";
  width: 100%;
  height: 39px;
  padding-top: 6px;
  padding-left: 9px;
  padding-right: 9px;
  padding-bottom: 6px;
  justify-content: center;
  align-items: center;
",
                ],
              },
              "render": [Function],
              "styledComponentId": "StyledNativeComponent",
              "target": Object {
                "$$typeof": Symbol(react.forward_ref),
                "render": [Function],
              },
              "withComponent": [Function],
            }
          }
          forwardedRef={null}
          setTheme={[Function]}
          themes={
            Array [
              Object {
                "backgroundColor": "#101112",
                "color": "#ffffff",
                "colors": Object {
                  "components": Object {
                    "background": "#101112",
                    "backgroundAction": "#F3F2F2",
                    "backgroundContainer": "#2F3134",
                    "backgroundFilter": "#F3F2F2",
                    "backgroundInputButton": "#5100FF",
                    "backgroundPrimaryAction": "#5100FF",
                    "icon": "#FFFFFF",
                  },
                  "palette": Object {
                    "black": "#000000",
                    "comparisonDescription": "#A3A2A2",
                    "error": "#F34949",
                    "line": "#D4D8D9",
                    "lost": "#CA1010",
                    "pending": "#7C7C7C",
                    "purple": "#5100FF",
                    "separator": "#979797",
                    "white": "#FFFFFF",
                    "won": "#14B916",
                  },
                  "texts": Object {
                    "buttons": Object {
                      "actions": "#5100FF",
                      "cancellable": "#3E3E3E",
                      "filter": "#3E3E3E",
                      "isPrimaryAction": "#FFFFFF",
                      "social": Object {
                        "apple": "#000000",
                        "facebook": "#1976D2",
                        "gmail": "#F44336",
                      },
                    },
                    "description": "#ADADAD",
                    "filters": Object {
                      "multiFilter": "#5100FF",
                      "selected": "#000000",
                      "unselected": "#A3A2A2",
                    },
                    "input": Object {
                      "label": "#7C7C7C",
                      "value": "#FFFFFF",
                    },
                    "reverseText": "#FFFFFF",
                    "stats": Object {
                      "kpiValue": "#FFFFFF",
                    },
                    "text": "#FFFFFF",
                    "title": "#FFFFFF",
                  },
                },
                "isShadow": false,
                "key": "dark",
                "statusBar": "light-content",
              },
              Object {
                "backgroundColor": "#ffffff",
                "color": "#101112",
                "colors": Object {
                  "components": Object {
                    "background": "#FFFFFF",
                    "backgroundAction": "#F3F2F2",
                    "backgroundContainer": "#FFFFFF",
                    "backgroundFilter": "#F3F2F2",
                    "backgroundInputButton": "#5100FF",
                    "backgroundPrimaryAction": "#5100FF",
                    "icon": "#000000",
                  },
                  "palette": Object {
                    "black": "#000000",
                    "comparisonDescription": "#A3A2A2",
                    "error": "#F34949",
                    "line": "#D4D8D9",
                    "lost": "#CA1010",
                    "pending": "#7C7C7C",
                    "purple": "#5100FF",
                    "separator": "#979797",
                    "white": "#FFFFFF",
                    "won": "#14B916",
                  },
                  "shadows": Object {},
                  "texts": Object {
                    "buttons": Object {
                      "actions": "#5100FF",
                      "cancellable": "#3E3E3E",
                      "filter": "#3E3E3E",
                      "isPrimaryAction": "#FFFFFF",
                      "social": Object {
                        "apple": "#000000",
                        "facebook": "#1976D2",
                        "gmail": "#F44336",
                      },
                    },
                    "description": "#ADADAD",
                    "filters": Object {
                      "multiFilter": "#5100FF",
                      "selected": "#000000",
                      "unselected": "#A3A2A2",
                    },
                    "input": Object {
                      "label": "#7C7C7C",
                      "value": "#000000",
                    },
                    "labelInput": "#7C7C7C",
                    "reverseText": "#FFFFFF",
                    "stats": Object {
                      "kpiValue": "#3E3E3E",
                    },
                    "text": "#000000",
                    "title": "#000000",
                  },
                },
                "isShadow": true,
                "key": "white",
                "statusBar": "dark-content",
              },
            ]
          }
        >
          <ForwardRef
            backgroundColor="#5100FF"
            disabled={true}
            setTheme={[Function]}
            style={
              Array [
                Object {
                  "alignItems": "center",
                  "backgroundColor": "#5100FF",
                  "height": 39,
                  "justifyContent": "center",
                  "paddingBottom": 6,
                  "paddingLeft": 9,
                  "paddingRight": 9,
                  "paddingTop": 6,
                  "width": "100%",
                },
              ]
            }
            themes={
              Array [
                Object {
                  "backgroundColor": "#101112",
                  "color": "#ffffff",
                  "colors": Object {
                    "components": Object {
                      "background": "#101112",
                      "backgroundAction": "#F3F2F2",
                      "backgroundContainer": "#2F3134",
                      "backgroundFilter": "#F3F2F2",
                      "backgroundInputButton": "#5100FF",
                      "backgroundPrimaryAction": "#5100FF",
                      "icon": "#FFFFFF",
                    },
                    "palette": Object {
                      "black": "#000000",
                      "comparisonDescription": "#A3A2A2",
                      "error": "#F34949",
                      "line": "#D4D8D9",
                      "lost": "#CA1010",
                      "pending": "#7C7C7C",
                      "purple": "#5100FF",
                      "separator": "#979797",
                      "white": "#FFFFFF",
                      "won": "#14B916",
                    },
                    "texts": Object {
                      "buttons": Object {
                        "actions": "#5100FF",
                        "cancellable": "#3E3E3E",
                        "filter": "#3E3E3E",
                        "isPrimaryAction": "#FFFFFF",
                        "social": Object {
                          "apple": "#000000",
                          "facebook": "#1976D2",
                          "gmail": "#F44336",
                        },
                      },
                      "description": "#ADADAD",
                      "filters": Object {
                        "multiFilter": "#5100FF",
                        "selected": "#000000",
                        "unselected": "#A3A2A2",
                      },
                      "input": Object {
                        "label": "#7C7C7C",
                        "value": "#FFFFFF",
                      },
                      "reverseText": "#FFFFFF",
                      "stats": Object {
                        "kpiValue": "#FFFFFF",
                      },
                      "text": "#FFFFFF",
                      "title": "#FFFFFF",
                    },
                  },
                  "isShadow": false,
                  "key": "dark",
                  "statusBar": "light-content",
                },
                Object {
                  "backgroundColor": "#ffffff",
                  "color": "#101112",
                  "colors": Object {
                    "components": Object {
                      "background": "#FFFFFF",
                      "backgroundAction": "#F3F2F2",
                      "backgroundContainer": "#FFFFFF",
                      "backgroundFilter": "#F3F2F2",
                      "backgroundInputButton": "#5100FF",
                      "backgroundPrimaryAction": "#5100FF",
                      "icon": "#000000",
                    },
                    "palette": Object {
                      "black": "#000000",
                      "comparisonDescription": "#A3A2A2",
                      "error": "#F34949",
                      "line": "#D4D8D9",
                      "lost": "#CA1010",
                      "pending": "#7C7C7C",
                      "purple": "#5100FF",
                      "separator": "#979797",
                      "white": "#FFFFFF",
                      "won": "#14B916",
                    },
                    "shadows": Object {},
                    "texts": Object {
                      "buttons": Object {
                        "actions": "#5100FF",
                        "cancellable": "#3E3E3E",
                        "filter": "#3E3E3E",
                        "isPrimaryAction": "#FFFFFF",
                        "social": Object {
                          "apple": "#000000",
                          "facebook": "#1976D2",
                          "gmail": "#F44336",
                        },
                      },
                      "description": "#ADADAD",
                      "filters": Object {
                        "multiFilter": "#5100FF",
                        "selected": "#000000",
                        "unselected": "#A3A2A2",
                      },
                      "input": Object {
                        "label": "#7C7C7C",
                        "value": "#000000",
                      },
                      "labelInput": "#7C7C7C",
                      "reverseText": "#FFFFFF",
                      "stats": Object {
                        "kpiValue": "#3E3E3E",
                      },
                      "text": "#000000",
                      "title": "#000000",
                    },
                  },
                  "isShadow": true,
                  "key": "white",
                  "statusBar": "dark-content",
                },
              ]
            }
          >
            <TouchableOpacity
              backgroundColor="#5100FF"
              disabled={true}
              hostRef={null}
              setTheme={[Function]}
              style={
                Array [
                  Object {
                    "alignItems": "center",
                    "backgroundColor": "#5100FF",
                    "height": 39,
                    "justifyContent": "center",
                    "paddingBottom": 6,
                    "paddingLeft": 9,
                    "paddingRight": 9,
                    "paddingTop": 6,
                    "width": "100%",
                  },
                ]
              }
              themes={
                Array [
                  Object {
                    "backgroundColor": "#101112",
                    "color": "#ffffff",
                    "colors": Object {
                      "components": Object {
                        "background": "#101112",
                        "backgroundAction": "#F3F2F2",
                        "backgroundContainer": "#2F3134",
                        "backgroundFilter": "#F3F2F2",
                        "backgroundInputButton": "#5100FF",
                        "backgroundPrimaryAction": "#5100FF",
                        "icon": "#FFFFFF",
                      },
                      "palette": Object {
                        "black": "#000000",
                        "comparisonDescription": "#A3A2A2",
                        "error": "#F34949",
                        "line": "#D4D8D9",
                        "lost": "#CA1010",
                        "pending": "#7C7C7C",
                        "purple": "#5100FF",
                        "separator": "#979797",
                        "white": "#FFFFFF",
                        "won": "#14B916",
                      },
                      "texts": Object {
                        "buttons": Object {
                          "actions": "#5100FF",
                          "cancellable": "#3E3E3E",
                          "filter": "#3E3E3E",
                          "isPrimaryAction": "#FFFFFF",
                          "social": Object {
                            "apple": "#000000",
                            "facebook": "#1976D2",
                            "gmail": "#F44336",
                          },
                        },
                        "description": "#ADADAD",
                        "filters": Object {
                          "multiFilter": "#5100FF",
                          "selected": "#000000",
                          "unselected": "#A3A2A2",
                        },
                        "input": Object {
                          "label": "#7C7C7C",
                          "value": "#FFFFFF",
                        },
                        "reverseText": "#FFFFFF",
                        "stats": Object {
                          "kpiValue": "#FFFFFF",
                        },
                        "text": "#FFFFFF",
                        "title": "#FFFFFF",
                      },
                    },
                    "isShadow": false,
                    "key": "dark",
                    "statusBar": "light-content",
                  },
                  Object {
                    "backgroundColor": "#ffffff",
                    "color": "#101112",
                    "colors": Object {
                      "components": Object {
                        "background": "#FFFFFF",
                        "backgroundAction": "#F3F2F2",
                        "backgroundContainer": "#FFFFFF",
                        "backgroundFilter": "#F3F2F2",
                        "backgroundInputButton": "#5100FF",
                        "backgroundPrimaryAction": "#5100FF",
                        "icon": "#000000",
                      },
                      "palette": Object {
                        "black": "#000000",
                        "comparisonDescription": "#A3A2A2",
                        "error": "#F34949",
                        "line": "#D4D8D9",
                        "lost": "#CA1010",
                        "pending": "#7C7C7C",
                        "purple": "#5100FF",
                        "separator": "#979797",
                        "white": "#FFFFFF",
                        "won": "#14B916",
                      },
                      "shadows": Object {},
                      "texts": Object {
                        "buttons": Object {
                          "actions": "#5100FF",
                          "cancellable": "#3E3E3E",
                          "filter": "#3E3E3E",
                          "isPrimaryAction": "#FFFFFF",
                          "social": Object {
                            "apple": "#000000",
                            "facebook": "#1976D2",
                            "gmail": "#F44336",
                          },
                        },
                        "description": "#ADADAD",
                        "filters": Object {
                          "multiFilter": "#5100FF",
                          "selected": "#000000",
                          "unselected": "#A3A2A2",
                        },
                        "input": Object {
                          "label": "#7C7C7C",
                          "value": "#000000",
                        },
                        "labelInput": "#7C7C7C",
                        "reverseText": "#FFFFFF",
                        "stats": Object {
                          "kpiValue": "#3E3E3E",
                        },
                        "text": "#000000",
                        "title": "#000000",
                      },
                    },
                    "isShadow": true,
                    "key": "white",
                    "statusBar": "dark-content",
                  },
                ]
              }
            >
              <ForwardRef(AnimatedComponentWrapper)
                accessible={true}
                focusable={false}
                onClick={[Function]}
                onResponderGrant={[Function]}
                onResponderMove={[Function]}
                onResponderRelease={[Function]}
                onResponderTerminate={[Function]}
                onResponderTerminationRequest={[Function]}
                onStartShouldSetResponder={[Function]}
                style={
                  Array [
                    Array [
                      Object {
                        "alignItems": "center",
                        "backgroundColor": "#5100FF",
                        "height": 39,
                        "justifyContent": "center",
                        "paddingBottom": 6,
                        "paddingLeft": 9,
                        "paddingRight": 9,
                        "paddingTop": 6,
                        "width": "100%",
                      },
                    ],
                    Object {
                      "opacity": 1,
                    },
                  ]
                }
              >
                <AnimatedComponent
                  accessible={true}
                  focusable={false}
                  onClick={[Function]}
                  onResponderGrant={[Function]}
                  onResponderMove={[Function]}
                  onResponderRelease={[Function]}
                  onResponderTerminate={[Function]}
                  onResponderTerminationRequest={[Function]}
                  onStartShouldSetResponder={[Function]}
                  style={
                    Array [
                      Array [
                        Object {
                          "alignItems": "center",
                          "backgroundColor": "#5100FF",
                          "height": 39,
                          "justifyContent": "center",
                          "paddingBottom": 6,
                          "paddingLeft": 9,
                          "paddingRight": 9,
                          "paddingTop": 6,
                          "width": "100%",
                        },
                      ],
                      Object {
                        "opacity": 1,
                      },
                    ]
                  }
                >
                  <View
                    accessible={true}
                    focusable={false}
                    onClick={[Function]}
                    onResponderGrant={[Function]}
                    onResponderMove={[Function]}
                    onResponderRelease={[Function]}
                    onResponderTerminate={[Function]}
                    onResponderTerminationRequest={[Function]}
                    onStartShouldSetResponder={[Function]}
                    style={
                      Object {
                        "alignItems": "center",
                        "backgroundColor": "#5100FF",
                        "height": 39,
                        "justifyContent": "center",
                        "opacity": 1,
                        "paddingBottom": 6,
                        "paddingLeft": 9,
                        "paddingRight": 9,
                        "paddingTop": 6,
                        "width": "100%",
                      }
                    }
                  >
                    <View
                      accessible={true}
                      focusable={false}
                      onClick={[Function]}
                      onResponderGrant={[Function]}
                      onResponderMove={[Function]}
                      onResponderRelease={[Function]}
                      onResponderTerminate={[Function]}
                      onResponderTerminationRequest={[Function]}
                      onStartShouldSetResponder={[Function]}
                      style={
                        Object {
                          "alignItems": "center",
                          "backgroundColor": "#5100FF",
                          "height": 39,
                          "justifyContent": "center",
                          "opacity": 1,
                          "paddingBottom": 6,
                          "paddingLeft": 9,
                          "paddingRight": 9,
                          "paddingTop": 6,
                          "width": "100%",
                        }
                      }
                    >
                      <Styled(Text)
                        color="#FFFFFF"
                        numberOfLines={1}
                      >
                        <StyledNativeComponent
                          color="#FFFFFF"
                          forwardedComponent={
                            Object {
                              "$$typeof": Symbol(react.forward_ref),
                              "attrs": Array [],
                              "displayName": "Styled(Text)",
                              "inlineStyle": InlineStyle {
                                "rules": Array [
                                  "
  color: ",
                                  [Function],
                                  ";
  font-family: 'AvenirNext-Bold';
  font-size: 14px;
  line-height: 19px;
  letter-spacing: 1px;
  text-align: center;
",
                                ],
                              },
                              "render": [Function],
                              "styledComponentId": "StyledNativeComponent",
                              "target": [Function],
                              "withComponent": [Function],
                            }
                          }
                          forwardedRef={null}
                          numberOfLines={1}
                        >
                          <Text
                            color="#FFFFFF"
                            numberOfLines={1}
                            style={
                              Array [
                                Object {
                                  "color": "#FFFFFF",
                                  "fontFamily": "AvenirNext-Bold",
                                  "fontSize": 14,
                                  "letterSpacing": 1,
                                  "lineHeight": 19,
                                  "textAlign": "center",
                                },
                              ]
                            }
                          >
                            <Text
                              color="#FFFFFF"
                              numberOfLines={1}
                              style={
                                Array [
                                  Object {
                                    "color": "#FFFFFF",
                                    "fontFamily": "AvenirNext-Bold",
                                    "fontSize": 14,
                                    "letterSpacing": 1,
                                    "lineHeight": 19,
                                    "textAlign": "center",
                                  },
                                ]
                              }
                            >
                              SUPPRIMER
                            </Text>
                          </Text>
                        </StyledNativeComponent>
                      </Styled(Text)>
                      <PressabilityDebugView
                        color="cyan"
                      />
                    </View>
                  </View>
                </AnimatedComponent>
              </ForwardRef(AnimatedComponentWrapper)>
            </TouchableOpacity>
          </ForwardRef>
        </StyledNativeComponent>
      </Styled(Component)>
    </InputButton>
  </Component>
</ThemeContextProvider>
`;
