// Jest Snapshot v1, https://goo.gl/fbAQLP

exports[`Icon Props tests renders Icon 1`] = `
<ThemeContextProvider>
  <Component
    label="bankroll"
    size={24}
  >
    <Icon
      label="bankroll"
      setTheme={[Function]}
      size={24}
      theme={
        Object {
          "backgroundColor": "#ffffff",
          "color": "#101112",
          "colors": Object {
            "components": Object {
              "background": "#FFFFFF",
              "backgroundAction": "#F3F2F2",
              "backgroundContainer": "#FFFFFF",
              "backgroundFilter": "#F3F2F2",
              "backgroundPrimaryAction": "#5100FF",
              "icon": "#000000",
            },
            "palette": Object {
              "black": "#000000",
              "purple": "#5100FF",
              "white": "#FFFFFF",
            },
            "shadows": Object {},
            "texts": Object {
              "buttons": Object {
                "actions": "#5100FF",
                "cancellable": "#3E3E3E",
                "filter": "#3E3E3E",
                "isPrimaryAction": "#FFFFFF",
              },
              "description": "#ADADAD",
              "filters": Object {
                "multiFilter": "#5100FF",
                "selected": "#000000",
                "unselected": "#A3A2A2",
              },
              "input": Object {
                "label": "#7C7C7C",
                "value": "#000000",
              },
              "labelInput": "#7C7C7C",
              "text": "#000000",
              "title": "#000000",
            },
          },
          "isShadow": true,
          "key": "white",
          "statusBar": "dark-content",
        }
      }
      themes={
        Array [
          Object {
            "backgroundColor": "#101112",
            "color": "#ffffff",
            "colors": Object {
              "components": Object {
                "background": "#101112",
                "backgroundAction": "#F3F2F2",
                "backgroundContainer": "#2F3134",
                "backgroundFilter": "#F3F2F2",
                "backgroundPrimaryAction": "#5100FF",
                "icon": "#FFFFFF",
              },
              "palette": Object {
                "black": "#000000",
                "purple": "#5100FF",
                "white": "#FFFFFF",
              },
              "texts": Object {
                "buttons": Object {
                  "actions": "#5100FF",
                  "cancellable": "#3E3E3E",
                  "filter": "#3E3E3E",
                  "isPrimaryAction": "#FFFFFF",
                },
                "description": "#ADADAD",
                "filters": Object {
                  "multiFilter": "#5100FF",
                  "selected": "#000000",
                  "unselected": "#A3A2A2",
                },
                "input": Object {
                  "label": "#7C7C7C",
                  "value": "#FFFFFF",
                },
                "text": "#FFFFFF",
                "title": "#FFFFFF",
              },
            },
            "isShadow": false,
            "key": "dark",
            "statusBar": "light-content",
          },
          Object {
            "backgroundColor": "#ffffff",
            "color": "#101112",
            "colors": Object {
              "components": Object {
                "background": "#FFFFFF",
                "backgroundAction": "#F3F2F2",
                "backgroundContainer": "#FFFFFF",
                "backgroundFilter": "#F3F2F2",
                "backgroundPrimaryAction": "#5100FF",
                "icon": "#000000",
              },
              "palette": Object {
                "black": "#000000",
                "purple": "#5100FF",
                "white": "#FFFFFF",
              },
              "shadows": Object {},
              "texts": Object {
                "buttons": Object {
                  "actions": "#5100FF",
                  "cancellable": "#3E3E3E",
                  "filter": "#3E3E3E",
                  "isPrimaryAction": "#FFFFFF",
                },
                "description": "#ADADAD",
                "filters": Object {
                  "multiFilter": "#5100FF",
                  "selected": "#000000",
                  "unselected": "#A3A2A2",
                },
                "input": Object {
                  "label": "#7C7C7C",
                  "value": "#000000",
                },
                "labelInput": "#7C7C7C",
                "text": "#000000",
                "title": "#000000",
              },
            },
            "isShadow": true,
            "key": "white",
            "statusBar": "dark-content",
          },
        ]
      }
    >
      <Styled(Component)
        disabled={true}
        setTheme={[Function]}
        themes={
          Array [
            Object {
              "backgroundColor": "#101112",
              "color": "#ffffff",
              "colors": Object {
                "components": Object {
                  "background": "#101112",
                  "backgroundAction": "#F3F2F2",
                  "backgroundContainer": "#2F3134",
                  "backgroundFilter": "#F3F2F2",
                  "backgroundPrimaryAction": "#5100FF",
                  "icon": "#FFFFFF",
                },
                "palette": Object {
                  "black": "#000000",
                  "purple": "#5100FF",
                  "white": "#FFFFFF",
                },
                "texts": Object {
                  "buttons": Object {
                    "actions": "#5100FF",
                    "cancellable": "#3E3E3E",
                    "filter": "#3E3E3E",
                    "isPrimaryAction": "#FFFFFF",
                  },
                  "description": "#ADADAD",
                  "filters": Object {
                    "multiFilter": "#5100FF",
                    "selected": "#000000",
                    "unselected": "#A3A2A2",
                  },
                  "input": Object {
                    "label": "#7C7C7C",
                    "value": "#FFFFFF",
                  },
                  "text": "#FFFFFF",
                  "title": "#FFFFFF",
                },
              },
              "isShadow": false,
              "key": "dark",
              "statusBar": "light-content",
            },
            Object {
              "backgroundColor": "#ffffff",
              "color": "#101112",
              "colors": Object {
                "components": Object {
                  "background": "#FFFFFF",
                  "backgroundAction": "#F3F2F2",
                  "backgroundContainer": "#FFFFFF",
                  "backgroundFilter": "#F3F2F2",
                  "backgroundPrimaryAction": "#5100FF",
                  "icon": "#000000",
                },
                "palette": Object {
                  "black": "#000000",
                  "purple": "#5100FF",
                  "white": "#FFFFFF",
                },
                "shadows": Object {},
                "texts": Object {
                  "buttons": Object {
                    "actions": "#5100FF",
                    "cancellable": "#3E3E3E",
                    "filter": "#3E3E3E",
                    "isPrimaryAction": "#FFFFFF",
                  },
                  "description": "#ADADAD",
                  "filters": Object {
                    "multiFilter": "#5100FF",
                    "selected": "#000000",
                    "unselected": "#A3A2A2",
                  },
                  "input": Object {
                    "label": "#7C7C7C",
                    "value": "#000000",
                  },
                  "labelInput": "#7C7C7C",
                  "text": "#000000",
                  "title": "#000000",
                },
              },
              "isShadow": true,
              "key": "white",
              "statusBar": "dark-content",
            },
          ]
        }
      >
        <StyledNativeComponent
          disabled={true}
          forwardedComponent={
            Object {
              "$$typeof": Symbol(react.forward_ref),
              "attrs": Array [],
              "displayName": "Styled(Component)",
              "inlineStyle": InlineStyle {
                "rules": Array [
                  "
  width: 25px;
  height: 25px;
  justify-content: center;
  align-items: center;
",
                ],
              },
              "render": [Function],
              "styledComponentId": "StyledNativeComponent",
              "target": Object {
                "$$typeof": Symbol(react.forward_ref),
                "render": [Function],
              },
              "withComponent": [Function],
            }
          }
          forwardedRef={null}
          setTheme={[Function]}
          themes={
            Array [
              Object {
                "backgroundColor": "#101112",
                "color": "#ffffff",
                "colors": Object {
                  "components": Object {
                    "background": "#101112",
                    "backgroundAction": "#F3F2F2",
                    "backgroundContainer": "#2F3134",
                    "backgroundFilter": "#F3F2F2",
                    "backgroundPrimaryAction": "#5100FF",
                    "icon": "#FFFFFF",
                  },
                  "palette": Object {
                    "black": "#000000",
                    "purple": "#5100FF",
                    "white": "#FFFFFF",
                  },
                  "texts": Object {
                    "buttons": Object {
                      "actions": "#5100FF",
                      "cancellable": "#3E3E3E",
                      "filter": "#3E3E3E",
                      "isPrimaryAction": "#FFFFFF",
                    },
                    "description": "#ADADAD",
                    "filters": Object {
                      "multiFilter": "#5100FF",
                      "selected": "#000000",
                      "unselected": "#A3A2A2",
                    },
                    "input": Object {
                      "label": "#7C7C7C",
                      "value": "#FFFFFF",
                    },
                    "text": "#FFFFFF",
                    "title": "#FFFFFF",
                  },
                },
                "isShadow": false,
                "key": "dark",
                "statusBar": "light-content",
              },
              Object {
                "backgroundColor": "#ffffff",
                "color": "#101112",
                "colors": Object {
                  "components": Object {
                    "background": "#FFFFFF",
                    "backgroundAction": "#F3F2F2",
                    "backgroundContainer": "#FFFFFF",
                    "backgroundFilter": "#F3F2F2",
                    "backgroundPrimaryAction": "#5100FF",
                    "icon": "#000000",
                  },
                  "palette": Object {
                    "black": "#000000",
                    "purple": "#5100FF",
                    "white": "#FFFFFF",
                  },
                  "shadows": Object {},
                  "texts": Object {
                    "buttons": Object {
                      "actions": "#5100FF",
                      "cancellable": "#3E3E3E",
                      "filter": "#3E3E3E",
                      "isPrimaryAction": "#FFFFFF",
                    },
                    "description": "#ADADAD",
                    "filters": Object {
                      "multiFilter": "#5100FF",
                      "selected": "#000000",
                      "unselected": "#A3A2A2",
                    },
                    "input": Object {
                      "label": "#7C7C7C",
                      "value": "#000000",
                    },
                    "labelInput": "#7C7C7C",
                    "text": "#000000",
                    "title": "#000000",
                  },
                },
                "isShadow": true,
                "key": "white",
                "statusBar": "dark-content",
              },
            ]
          }
        >
          <ForwardRef
            disabled={true}
            setTheme={[Function]}
            style={
              Array [
                Object {
                  "alignItems": "center",
                  "height": 25,
                  "justifyContent": "center",
                  "width": 25,
                },
              ]
            }
            themes={
              Array [
                Object {
                  "backgroundColor": "#101112",
                  "color": "#ffffff",
                  "colors": Object {
                    "components": Object {
                      "background": "#101112",
                      "backgroundAction": "#F3F2F2",
                      "backgroundContainer": "#2F3134",
                      "backgroundFilter": "#F3F2F2",
                      "backgroundPrimaryAction": "#5100FF",
                      "icon": "#FFFFFF",
                    },
                    "palette": Object {
                      "black": "#000000",
                      "purple": "#5100FF",
                      "white": "#FFFFFF",
                    },
                    "texts": Object {
                      "buttons": Object {
                        "actions": "#5100FF",
                        "cancellable": "#3E3E3E",
                        "filter": "#3E3E3E",
                        "isPrimaryAction": "#FFFFFF",
                      },
                      "description": "#ADADAD",
                      "filters": Object {
                        "multiFilter": "#5100FF",
                        "selected": "#000000",
                        "unselected": "#A3A2A2",
                      },
                      "input": Object {
                        "label": "#7C7C7C",
                        "value": "#FFFFFF",
                      },
                      "text": "#FFFFFF",
                      "title": "#FFFFFF",
                    },
                  },
                  "isShadow": false,
                  "key": "dark",
                  "statusBar": "light-content",
                },
                Object {
                  "backgroundColor": "#ffffff",
                  "color": "#101112",
                  "colors": Object {
                    "components": Object {
                      "background": "#FFFFFF",
                      "backgroundAction": "#F3F2F2",
                      "backgroundContainer": "#FFFFFF",
                      "backgroundFilter": "#F3F2F2",
                      "backgroundPrimaryAction": "#5100FF",
                      "icon": "#000000",
                    },
                    "palette": Object {
                      "black": "#000000",
                      "purple": "#5100FF",
                      "white": "#FFFFFF",
                    },
                    "shadows": Object {},
                    "texts": Object {
                      "buttons": Object {
                        "actions": "#5100FF",
                        "cancellable": "#3E3E3E",
                        "filter": "#3E3E3E",
                        "isPrimaryAction": "#FFFFFF",
                      },
                      "description": "#ADADAD",
                      "filters": Object {
                        "multiFilter": "#5100FF",
                        "selected": "#000000",
                        "unselected": "#A3A2A2",
                      },
                      "input": Object {
                        "label": "#7C7C7C",
                        "value": "#000000",
                      },
                      "labelInput": "#7C7C7C",
                      "text": "#000000",
                      "title": "#000000",
                    },
                  },
                  "isShadow": true,
                  "key": "white",
                  "statusBar": "dark-content",
                },
              ]
            }
          >
            <TouchableOpacity
              disabled={true}
              hostRef={null}
              setTheme={[Function]}
              style={
                Array [
                  Object {
                    "alignItems": "center",
                    "height": 25,
                    "justifyContent": "center",
                    "width": 25,
                  },
                ]
              }
              themes={
                Array [
                  Object {
                    "backgroundColor": "#101112",
                    "color": "#ffffff",
                    "colors": Object {
                      "components": Object {
                        "background": "#101112",
                        "backgroundAction": "#F3F2F2",
                        "backgroundContainer": "#2F3134",
                        "backgroundFilter": "#F3F2F2",
                        "backgroundPrimaryAction": "#5100FF",
                        "icon": "#FFFFFF",
                      },
                      "palette": Object {
                        "black": "#000000",
                        "purple": "#5100FF",
                        "white": "#FFFFFF",
                      },
                      "texts": Object {
                        "buttons": Object {
                          "actions": "#5100FF",
                          "cancellable": "#3E3E3E",
                          "filter": "#3E3E3E",
                          "isPrimaryAction": "#FFFFFF",
                        },
                        "description": "#ADADAD",
                        "filters": Object {
                          "multiFilter": "#5100FF",
                          "selected": "#000000",
                          "unselected": "#A3A2A2",
                        },
                        "input": Object {
                          "label": "#7C7C7C",
                          "value": "#FFFFFF",
                        },
                        "text": "#FFFFFF",
                        "title": "#FFFFFF",
                      },
                    },
                    "isShadow": false,
                    "key": "dark",
                    "statusBar": "light-content",
                  },
                  Object {
                    "backgroundColor": "#ffffff",
                    "color": "#101112",
                    "colors": Object {
                      "components": Object {
                        "background": "#FFFFFF",
                        "backgroundAction": "#F3F2F2",
                        "backgroundContainer": "#FFFFFF",
                        "backgroundFilter": "#F3F2F2",
                        "backgroundPrimaryAction": "#5100FF",
                        "icon": "#000000",
                      },
                      "palette": Object {
                        "black": "#000000",
                        "purple": "#5100FF",
                        "white": "#FFFFFF",
                      },
                      "shadows": Object {},
                      "texts": Object {
                        "buttons": Object {
                          "actions": "#5100FF",
                          "cancellable": "#3E3E3E",
                          "filter": "#3E3E3E",
                          "isPrimaryAction": "#FFFFFF",
                        },
                        "description": "#ADADAD",
                        "filters": Object {
                          "multiFilter": "#5100FF",
                          "selected": "#000000",
                          "unselected": "#A3A2A2",
                        },
                        "input": Object {
                          "label": "#7C7C7C",
                          "value": "#000000",
                        },
                        "labelInput": "#7C7C7C",
                        "text": "#000000",
                        "title": "#000000",
                      },
                    },
                    "isShadow": true,
                    "key": "white",
                    "statusBar": "dark-content",
                  },
                ]
              }
            >
              <ForwardRef(AnimatedComponentWrapper)
                accessible={true}
                focusable={false}
                onClick={[Function]}
                onResponderGrant={[Function]}
                onResponderMove={[Function]}
                onResponderRelease={[Function]}
                onResponderTerminate={[Function]}
                onResponderTerminationRequest={[Function]}
                onStartShouldSetResponder={[Function]}
                style={
                  Array [
                    Array [
                      Object {
                        "alignItems": "center",
                        "height": 25,
                        "justifyContent": "center",
                        "width": 25,
                      },
                    ],
                    Object {
                      "opacity": 1,
                    },
                  ]
                }
              >
                <AnimatedComponent
                  accessible={true}
                  focusable={false}
                  onClick={[Function]}
                  onResponderGrant={[Function]}
                  onResponderMove={[Function]}
                  onResponderRelease={[Function]}
                  onResponderTerminate={[Function]}
                  onResponderTerminationRequest={[Function]}
                  onStartShouldSetResponder={[Function]}
                  style={
                    Array [
                      Array [
                        Object {
                          "alignItems": "center",
                          "height": 25,
                          "justifyContent": "center",
                          "width": 25,
                        },
                      ],
                      Object {
                        "opacity": 1,
                      },
                    ]
                  }
                >
                  <View
                    accessible={true}
                    focusable={false}
                    onClick={[Function]}
                    onResponderGrant={[Function]}
                    onResponderMove={[Function]}
                    onResponderRelease={[Function]}
                    onResponderTerminate={[Function]}
                    onResponderTerminationRequest={[Function]}
                    onStartShouldSetResponder={[Function]}
                    style={
                      Object {
                        "alignItems": "center",
                        "height": 25,
                        "justifyContent": "center",
                        "opacity": 1,
                        "width": 25,
                      }
                    }
                  >
                    <View
                      accessible={true}
                      focusable={false}
                      onClick={[Function]}
                      onResponderGrant={[Function]}
                      onResponderMove={[Function]}
                      onResponderRelease={[Function]}
                      onResponderTerminate={[Function]}
                      onResponderTerminationRequest={[Function]}
                      onStartShouldSetResponder={[Function]}
                      style={
                        Object {
                          "alignItems": "center",
                          "height": 25,
                          "justifyContent": "center",
                          "opacity": 1,
                          "width": 25,
                        }
                      }
                    >
                      <SvgMock
                        height={24}
                        width={24}
                      />
                      <PressabilityDebugView
                        color="cyan"
                      />
                    </View>
                  </View>
                </AnimatedComponent>
              </ForwardRef(AnimatedComponentWrapper)>
            </TouchableOpacity>
          </ForwardRef>
        </StyledNativeComponent>
      </Styled(Component)>
    </Icon>
  </Component>
</ThemeContextProvider>
`;
